// Jest Snapshot v1, https://goo.gl/fbAQLP

exports[`Paginator component renders correctly 1`] = `
<div
  className="paginationWrapper"
>
  <div
    className="pagesWrapper"
  >
    <div
      className="paginationNumber currentNumber"
      onClick={[Function]}
    >
      1
    </div>
    <div
      className="paginationNumber false"
      onClick={[Function]}
    >
      2
    </div>
    <div
      className="paginationNumber false"
      onClick={[Function]}
    >
      3
    </div>
    <div
      className="paginationNumber false"
      onClick={[Function]}
    >
      4
    </div>
    <div
      className="paginationNumber false"
      onClick={[Function]}
    >
      5
    </div>
    <div
      className="paginationNumber false"
      onClick={[Function]}
    >
      6
    </div>
    <div
      className="paginationNumber false"
      onClick={[Function]}
    >
      7
    </div>
    <div
      className="paginationNumber false"
      onClick={[Function]}
    >
      8
    </div>
    <div
      className="paginationNumber false"
      onClick={[Function]}
    >
      9
    </div>
    <div
      className="paginationNumber false"
      onClick={[Function]}
    >
      10
    </div>
  </div>
  <button
    onClick={[Function]}
  >
    &gt;&gt; Next
  </button>
  <button
    onClick={[Function]}
  >
    Last
  </button>
</div>
`;
